   1              		.file	"car.c"
   2              		.text
   3              		.local	unlock_aes_ctx
   4              		.comm	unlock_aes_ctx,192,32
   5              		.local	start_aes_ctx
   6              		.comm	start_aes_ctx,192,32
   7              		.local	unlock_cmac_ctx
   8              		.comm	unlock_cmac_ctx,8,8
   9              		.local	start_cmac_ctx
  10              		.comm	start_cmac_ctx,8,8
  11              		.local	prng_ctx
  12              		.comm	prng_ctx,36,32
  14              	aes_unlock_cmac:
  15              	.LFB6:
  16 0000 14000000 		.cfi_startproc
  16      00000000 
  16      017A5200 
  16      01781001 
  16      1B0C0708 
  17 0000 F30F1EFA 		endbr64
  18 0004 55       		pushq	%rbp
  19 0029 450E10   		.cfi_def_cfa_offset 16
  20 002c 8602     		.cfi_offset 6, -16
  21 0005 4889E5   		movq	%rsp, %rbp
  22 002e 430D06   		.cfi_def_cfa_register 6
  23 0008 4883EC10 		subq	$16, %rsp
  24 000c 48897DF8 		movq	%rdi, -8(%rbp)
  25 0010 488B45F8 		movq	-8(%rbp), %rax
  26 0014 488D1500 		leaq	unlock_aes_ctx(%rip), %rdx
  26      000000
  27 001b 4889C6   		movq	%rax, %rsi
  28 001e 4889D7   		movq	%rdx, %rdi
  29 0021 E8000000 		call	AES_ECB_encrypt@PLT
  29      00
  30 0026 90       		nop
  31 0027 C9       		leave
  32 0031 600C0708 		.cfi_def_cfa 7, 8
  33 0028 C3       		ret
  34 0035 000000   		.cfi_endproc
  35              	.LFE6:
  38              	aes_start_cmac:
  39              	.LFB7:
  40 0038 1C000000 		.cfi_startproc
  40      3C000000 
  40      00000000 
  40      29000000 
  40      00
  41 0029 F30F1EFA 		endbr64
  42 002d 55       		pushq	%rbp
  43 0049 450E10   		.cfi_def_cfa_offset 16
  44 004c 8602     		.cfi_offset 6, -16
  45 002e 4889E5   		movq	%rsp, %rbp
  46 004e 430D06   		.cfi_def_cfa_register 6
  47 0031 4883EC10 		subq	$16, %rsp
  48 0035 48897DF8 		movq	%rdi, -8(%rbp)
  49 0039 488B45F8 		movq	-8(%rbp), %rax
  50 003d 488D1500 		leaq	start_aes_ctx(%rip), %rdx
  50      000000
  51 0044 4889C6   		movq	%rax, %rsi
  52 0047 4889D7   		movq	%rdx, %rdi
  53 004a E8000000 		call	AES_ECB_encrypt@PLT
  53      00
  54 004f 90       		nop
  55 0050 C9       		leave
  56 0051 600C0708 		.cfi_def_cfa 7, 8
  57 0051 C3       		ret
  58 0055 000000   		.cfi_endproc
  59              	.LFE7:
  61              		.globl	unlock_key
  62              		.section	.rodata
  63              		.align 16
  66              	unlock_key:
  67 0000 B3C245B9 		.base64	"s8JFuf0YwJJw4Cpv88yi/g=="
  67      FD18C092 
  67      70E02A6F 
  67      F3CCA2FE 
  68              		.globl	start_key
  69              		.align 16
  72              	start_key:
  73 0010 A05F5AC8 		.base64	"oF9ayHidjikY71rfqD4bHw=="
  73      789D8E29 
  73      18EF5ADF 
  73      A83E1B1F 
  74              		.globl	car_id
  75              		.align 8
  78              	car_id:
  79 0020 31323334 		.string	"1234"
  79      00
  80 0025 00000000 		.zero	6
  80      0000
  81              		.data
  84              	carLocked:
  85 0000 01       		.byte	1
  86              		.local	unlockCount
  87              		.comm	unlockCount,4,4
  88              		.text
  90              	initCar:
  91              	.LFB8:
  92 0058 1C000000 		.cfi_startproc
  92      5C000000 
  92      00000000 
  92      85000000 
  92      00
  93 0052 F30F1EFA 		endbr64
  94 0056 55       		pushq	%rbp
  95 0069 450E10   		.cfi_def_cfa_offset 16
  96 006c 8602     		.cfi_offset 6, -16
  97 0057 4889E5   		movq	%rsp, %rbp
  98 006e 430D06   		.cfi_def_cfa_register 6
  99 005a 4883EC30 		subq	$48, %rsp
 100 005e 64488B04 		movq	%fs:40, %rax
 100      25280000 
 100      00
 101 0067 488945F8 		movq	%rax, -8(%rbp)
 102 006b 31C0     		xorl	%eax, %eax
 103 006d 48C745D0 		movq	$0, -48(%rbp)
 103      00000000 
 104 0075 48C745D8 		movq	$0, -40(%rbp)
 104      00000000 
 105 007d 48C745E0 		movq	$0, -32(%rbp)
 105      00000000 
 106 0085 48C745E8 		movq	$0, -24(%rbp)
 106      00000000 
 107 008d 488D45D0 		leaq	-48(%rbp), %rax
 108 0091 4889C7   		movq	%rax, %rdi
 109 0094 E8000000 		call	getPrngSeed@PLT
 109      00
 110 0099 488D45D0 		leaq	-48(%rbp), %rax
 111 009d 488D1500 		leaq	prng_ctx(%rip), %rdx
 111      000000
 112 00a4 4889C6   		movq	%rax, %rsi
 113 00a7 4889D7   		movq	%rdx, %rdi
 114 00aa E8000000 		call	ctr_drbg_init@PLT
 114      00
 115 00af C6050000 		movb	$1, carLocked(%rip)
 115      000001
 116 00b6 C7050000 		movl	$0, unlockCount(%rip)
 116      00000000 
 116      0000
 117 00c0 90       		nop
 118 00c1 488B45F8 		movq	-8(%rbp), %rax
 119 00c5 64482B04 		subq	%fs:40, %rax
 119      25280000 
 119      00
 120 00ce 7405     		je	.L4
 121 00d0 E8000000 		call	__stack_chk_fail@PLT
 121      00
 122              	.L4:
 123 00d5 C9       		leave
 124 0071 027C0C07 		.cfi_def_cfa 7, 8
 124      08
 125 00d6 C3       		ret
 126 0076 0000     		.cfi_endproc
 127              	.LFE8:
 129              		.section	.rodata
 130              	.LC0:
 131 002b 4F4B3A20 		.string	"OK: started\n"
 131      73746172 
 131      7465640A 
 131      00
 132              		.text
 133              		.globl	main
 135              	main:
 136              	.LFB9:
 137 0078 18000000 		.cfi_startproc
 137      7C000000 
 137      00000000 
 137      9B010000 
 137      00
 138 00d7 F30F1EFA 		endbr64
 139 00db 55       		pushq	%rbp
 140 0089 450E10   		.cfi_def_cfa_offset 16
 141 008c 8602     		.cfi_offset 6, -16
 142 00dc 4889E5   		movq	%rsp, %rbp
 143 008e 430D06   		.cfi_def_cfa_register 6
 144 00df 4881EC40 		subq	$1088, %rsp
 144      040000
 145 00e6 89BDCCFB 		movl	%edi, -1076(%rbp)
 145      FFFF
 146 00ec 4889B5C0 		movq	%rsi, -1088(%rbp)
 146      FBFFFF
 147 00f3 64488B04 		movq	%fs:40, %rax
 147      25280000 
 147      00
 148 00fc 488945F8 		movq	%rax, -8(%rbp)
 149 0100 31C0     		xorl	%eax, %eax
 150 0102 488B95C0 		movq	-1088(%rbp), %rdx
 150      FBFFFF
 151 0109 8B85CCFB 		movl	-1076(%rbp), %eax
 151      FFFF
 152 010f 4889D6   		movq	%rdx, %rsi
 153 0112 89C7     		movl	%eax, %edi
 154 0114 E8000000 		call	initHardware_car@PLT
 154      00
 155 0119 488D1500 		leaq	unlock_key(%rip), %rdx
 155      000000
 156 0120 488D0500 		leaq	unlock_aes_ctx(%rip), %rax
 156      000000
 157 0127 4889D6   		movq	%rdx, %rsi
 158 012a 4889C7   		movq	%rax, %rdi
 159 012d E8000000 		call	AES_init_ctx@PLT
 159      00
 160 0132 488D15C7 		leaq	aes_unlock_cmac(%rip), %rdx
 160      FEFFFF
 161 0139 488D0500 		leaq	unlock_cmac_ctx(%rip), %rax
 161      000000
 162 0140 4889D6   		movq	%rdx, %rsi
 163 0143 4889C7   		movq	%rax, %rdi
 164 0146 E8000000 		call	AES_CMAC_init_ctx@PLT
 164      00
 165 014b 488D1500 		leaq	start_key(%rip), %rdx
 165      000000
 166 0152 488D0500 		leaq	start_aes_ctx(%rip), %rax
 166      000000
 167 0159 4889D6   		movq	%rdx, %rsi
 168 015c 4889C7   		movq	%rax, %rdi
 169 015f E8000000 		call	AES_init_ctx@PLT
 169      00
 170 0164 488D15BE 		leaq	aes_start_cmac(%rip), %rdx
 170      FEFFFF
 171 016b 488D0500 		leaq	start_cmac_ctx(%rip), %rax
 171      000000
 172 0172 4889D6   		movq	%rdx, %rsi
 173 0175 4889C7   		movq	%rax, %rdi
 174 0178 E8000000 		call	AES_CMAC_init_ctx@PLT
 174      00
 175 017d E8D0FEFF 		call	initCar
 175      FF
 176 0182 488D0500 		leaq	.LC0(%rip), %rax
 176      000000
 177 0189 BA0C0000 		movl	$12, %edx
 177      00
 178 018e 4889C6   		movq	%rax, %rsi
 179 0191 BF000000 		movl	$0, %edi
 179      00
 180 0196 E8000000 		call	uart_write@PLT
 180      00
 181 019b C685DEFB 		movb	$0, -1058(%rbp)
 181      FFFF00
 182              	.L12:
 183 01a2 BF000000 		movl	$0, %edi
 183      00
 184 01a7 E8000000 		call	uart_avail@PLT
 184      00
 185 01ac 84C0     		testb	%al, %al
 186 01ae 0F84A200 		je	.L6
 186      0000
 187 01b4 BF000000 		movl	$0, %edi
 187      00
 188 01b9 E8000000 		call	uart_readb@PLT
 188      00
 189 01be 8885DFFB 		movb	%al, -1057(%rbp)
 189      FFFF
 190 01c4 80BDDFFB 		cmpb	$10, -1057(%rbp)
 190      FFFF0A
 191 01cb 7409     		je	.L7
 192 01cd 80BDDFFB 		cmpb	$13, -1057(%rbp)
 192      FFFF0D
 193 01d4 7532     		jne	.L8
 194              	.L7:
 195 01d6 80BDDEFB 		cmpb	$0, -1058(%rbp)
 195      FFFF00
 196 01dd 7477     		je	.L6
 197 01df 0FB685DE 		movzbl	-1058(%rbp), %eax
 197      FBFFFF
 198 01e6 4898     		cltq
 199 01e8 C68405E0 		movb	$0, -1056(%rbp,%rax)
 199      FBFFFF00 
 200 01f0 488D85E0 		leaq	-1056(%rbp), %rax
 200      FBFFFF
 201 01f7 4889C7   		movq	%rax, %rdi
 202 01fa E8000000 		call	processHostCommand
 202      00
 203 01ff C685DEFB 		movb	$0, -1058(%rbp)
 203      FFFF00
 204 0206 EB4E     		jmp	.L6
 205              	.L8:
 206 0208 E8000000 		call	__ctype_b_loc@PLT
 206      00
 207 020d 488B00   		movq	(%rax), %rax
 208 0210 0FB695DF 		movzbl	-1057(%rbp), %edx
 208      FBFFFF
 209 0217 4801D2   		addq	%rdx, %rdx
 210 021a 4801D0   		addq	%rdx, %rax
 211 021d 0FB700   		movzwl	(%rax), %eax
 212 0220 0FB7C0   		movzwl	%ax, %eax
 213 0223 83E008   		andl	$8, %eax
 214 0226 85C0     		testl	%eax, %eax
 215 0228 7509     		jne	.L10
 216 022a 80BDDFFB 		cmpb	$32, -1057(%rbp)
 216      FFFF20
 217 0231 7523     		jne	.L6
 218              	.L10:
 219 0233 0FB685DE 		movzbl	-1058(%rbp), %eax
 219      FBFFFF
 220 023a 8D5001   		leal	1(%rax), %edx
 221 023d 8895DEFB 		movb	%dl, -1058(%rbp)
 221      FFFF
 222 0243 0FB6C0   		movzbl	%al, %eax
 223 0246 0FB695DF 		movzbl	-1057(%rbp), %edx
 223      FBFFFF
 224 024d 4898     		cltq
 225 024f 889405E0 		movb	%dl, -1056(%rbp,%rax)
 225      FBFFFF
 226              	.L6:
 227 0256 BF010000 		movl	$1, %edi
 227      00
 228 025b E8000000 		call	uart_avail@PLT
 228      00
 229 0260 84C0     		testb	%al, %al
 230 0262 0F843AFF 		je	.L12
 230      FFFF
 231 0268 E8000000 		call	unlockCar
 231      00
 232 026d E930FFFF 		jmp	.L12
 232      FF
 233 0091 000000   		.cfi_endproc
 234              	.LFE9:
 236              		.section	.rodata
 237              	.LC1:
 238 0038 756E6B6E 		.string	"unknown command"
 238      6F776E20 
 238      636F6D6D 
 238      616E6400 
 239              		.text
 240              		.globl	processHostCommand
 242              	processHostCommand:
 243              	.LFB10:
 244 0094 1C000000 		.cfi_startproc
 244      98000000 
 244      00000000 
 244      22000000 
 244      00
 245 0272 F30F1EFA 		endbr64
 246 0276 55       		pushq	%rbp
 247 00a5 450E10   		.cfi_def_cfa_offset 16
 248 00a8 8602     		.cfi_offset 6, -16
 249 0277 4889E5   		movq	%rsp, %rbp
 250 00aa 430D06   		.cfi_def_cfa_register 6
 251 027a 4883EC10 		subq	$16, %rsp
 252 027e 48897DF8 		movq	%rdi, -8(%rbp)
 253 0282 488D0500 		leaq	.LC1(%rip), %rax
 253      000000
 254 0289 4889C7   		movq	%rax, %rdi
 255 028c E8000000 		call	sendError@PLT
 255      00
 256 0291 90       		nop
 257 0292 C9       		leave
 258 00ad 590C0708 		.cfi_def_cfa 7, 8
 259 0293 C3       		ret
 260 00b1 000000   		.cfi_endproc
 261              	.LFE10:
 263              		.section	.rodata
 264              	.LC2:
 265 0048 0A0D00   		.string	"\n\r"
 266              		.text
 267              		.globl	unlockCar
 269              	unlockCar:
 270              	.LFB11:
 271 00b4 1C000000 		.cfi_startproc
 271      B8000000 
 271      00000000 
 271      1F040000 
 271      00
 272 0294 F30F1EFA 		endbr64
 273 0298 55       		pushq	%rbp
 274 00c5 450E10   		.cfi_def_cfa_offset 16
 275 00c8 8602     		.cfi_offset 6, -16
 276 0299 4889E5   		movq	%rsp, %rbp
 277 00ca 430D06   		.cfi_def_cfa_register 6
 278 029c 4881EC10 		subq	$272, %rsp
 278      010000
 279 02a3 64488B04 		movq	%fs:40, %rax
 279      25280000 
 279      00
 280 02ac 488945F8 		movq	%rax, -8(%rbp)
 281 02b0 31C0     		xorl	%eax, %eax
 282 02b2 48C78570 		movq	$0, -144(%rbp)
 282      FFFFFF00 
 282      000000
 283 02bd 48C78578 		movq	$0, -136(%rbp)
 283      FFFFFF00 
 283      000000
 284 02c8 48C74580 		movq	$0, -128(%rbp)
 284      00000000 
 285 02d0 48C74588 		movq	$0, -120(%rbp)
 285      00000000 
 286 02d8 48C74590 		movq	$0, -112(%rbp)
 286      00000000 
 287 02e0 48C74598 		movq	$0, -104(%rbp)
 287      00000000 
 288 02e8 48C745A0 		movq	$0, -96(%rbp)
 288      00000000 
 289 02f0 48C745A8 		movq	$0, -88(%rbp)
 289      00000000 
 290 02f8 488D8570 		leaq	-144(%rbp), %rax
 290      FFFFFF
 291 02ff 48898518 		movq	%rax, -232(%rbp)
 291      FFFFFF
 292 0306 488D8510 		leaq	-240(%rbp), %rax
 292      FFFFFF
 293 030d BE560000 		movl	$86, %esi
 293      00
 294 0312 4889C7   		movq	%rax, %rdi
 295 0315 E8000000 		call	receive_board_message_by_type@PLT
 295      00
 296 031a C68510FF 		movb	$88, -240(%rbp)
 296      FFFF58
 297 0321 C68511FF 		movb	$16, -239(%rbp)
 297      FFFF10
 298 0328 48C78550 		movq	$0, -176(%rbp)
 298      FFFFFF00 
 298      000000
 299 0333 48C78558 		movq	$0, -168(%rbp)
 299      FFFFFF00 
 299      000000
 300 033e EB42     		jmp	.L16
 301              	.L17:
 302 0340 48C745B0 		movq	$0, -80(%rbp)
 302      00000000 
 303 0348 48C745B8 		movq	$0, -72(%rbp)
 303      00000000 
 304 0350 48C745C0 		movq	$0, -64(%rbp)
 304      00000000 
 305 0358 48C745C8 		movq	$0, -56(%rbp)
 305      00000000 
 306 0360 488D45B0 		leaq	-80(%rbp), %rax
 307 0364 4889C7   		movq	%rax, %rdi
 308 0367 E8000000 		call	getPrngSeed@PLT
 308      00
 309 036c 488D45B0 		leaq	-80(%rbp), %rax
 310 0370 488D1500 		leaq	prng_ctx(%rip), %rdx
 310      000000
 311 0377 4889C6   		movq	%rax, %rsi
 312 037a 4889D7   		movq	%rdx, %rdi
 313 037d E8000000 		call	ctr_drbg_reseed@PLT
 313      00
 314              	.L16:
 315 0382 488D8550 		leaq	-176(%rbp), %rax
 315      FFFFFF
 316 0389 488D1500 		leaq	prng_ctx(%rip), %rdx
 316      000000
 317 0390 4889C6   		movq	%rax, %rsi
 318 0393 4889D7   		movq	%rdx, %rdi
 319 0396 E8000000 		call	ctr_drbg_generate@PLT
 319      00
 320 039b 85C0     		testl	%eax, %eax
 321 039d 75A1     		jne	.L17
 322 039f 488D8550 		leaq	-176(%rbp), %rax
 322      FFFFFF
 323 03a6 48898518 		movq	%rax, -232(%rbp)
 323      FFFFFF
 324 03ad 488D8510 		leaq	-240(%rbp), %rax
 324      FFFFFF
 325 03b4 4889C7   		movq	%rax, %rdi
 326 03b7 E8000000 		call	send_board_message@PLT
 326      00
 327 03bc 48C78560 		movq	$0, -160(%rbp)
 327      FFFFFF00 
 327      000000
 328 03c7 48C78568 		movq	$0, -152(%rbp)
 328      FFFFFF00 
 328      000000
 329 03d2 488D9560 		leaq	-160(%rbp), %rdx
 329      FFFFFF
 330 03d9 488D8550 		leaq	-176(%rbp), %rax
 330      FFFFFF
 331 03e0 488D3D00 		leaq	unlock_cmac_ctx(%rip), %rdi
 331      000000
 332 03e7 4889D1   		movq	%rdx, %rcx
 333 03ea BA100000 		movl	$16, %edx
 333      00
 334 03ef 4889C6   		movq	%rax, %rsi
 335 03f2 E8000000 		call	AES_CMAC_digest@PLT
 335      00
 336 03f7 48C78548 		movq	$0, -184(%rbp)
 336      FFFFFF00 
 336      000000
 337 0402 488D8548 		leaq	-184(%rbp), %rax
 337      FFFFFF
 338 0409 48898518 		movq	%rax, -232(%rbp)
 338      FFFFFF
 339 0410 488D8510 		leaq	-240(%rbp), %rax
 339      FFFFFF
 340 0417 BE590000 		movl	$89, %esi
 340      00
 341 041c 4889C7   		movq	%rax, %rdi
 342 041f E8000000 		call	receive_board_message_by_type@PLT
 342      00
 343 0424 488D8D48 		leaq	-184(%rbp), %rcx
 343      FFFFFF
 344 042b 488D8560 		leaq	-160(%rbp), %rax
 344      FFFFFF
 345 0432 BA080000 		movl	$8, %edx
 345      00
 346 0437 4889CE   		movq	%rcx, %rsi
 347 043a 4889C7   		movq	%rax, %rdi
 348 043d E8000000 		call	memcmp@PLT
 348      00
 349 0442 85C0     		testl	%eax, %eax
 350 0444 740A     		je	.L18
 351 0446 E8000000 		call	sendAckFailure
 351      00
 352 044b E94D0200 		jmp	.L15
 352      00
 353              	.L18:
 354 0450 48C745B0 		movq	$0, -80(%rbp)
 354      00000000 
 355 0458 48C745B8 		movq	$0, -72(%rbp)
 355      00000000 
 356 0460 48C745C0 		movq	$0, -64(%rbp)
 356      00000000 
 357 0468 48C745C8 		movq	$0, -56(%rbp)
 357      00000000 
 358 0470 48C745D0 		movq	$0, -48(%rbp)
 358      00000000 
 359 0478 48C745D8 		movq	$0, -40(%rbp)
 359      00000000 
 360 0480 48C745E0 		movq	$0, -32(%rbp)
 360      00000000 
 361 0488 48C745E8 		movq	$0, -24(%rbp)
 361      00000000 
 362 0490 488D45B0 		leaq	-80(%rbp), %rax
 363 0494 BE030000 		movl	$3, %esi
 363      00
 364 0499 4889C7   		movq	%rax, %rdi
 365 049c E8000000 		call	loadFlag@PLT
 365      00
 366 04a1 488D45B0 		leaq	-80(%rbp), %rax
 367 04a5 BA400000 		movl	$64, %edx
 367      00
 368 04aa 4889C6   		movq	%rax, %rsi
 369 04ad BF000000 		movl	$0, %edi
 369      00
 370 04b2 E8000000 		call	uart_write@PLT
 370      00
 371 04b7 488D0500 		leaq	.LC2(%rip), %rax
 371      000000
 372 04be 48898500 		movq	%rax, -256(%rbp)
 372      FFFFFF
 373 04c5 488B8500 		movq	-256(%rbp), %rax
 373      FFFFFF
 374 04cc BA020000 		movl	$2, %edx
 374      00
 375 04d1 4889C6   		movq	%rax, %rsi
 376 04d4 BF000000 		movl	$0, %edi
 376      00
 377 04d9 E8000000 		call	uart_write@PLT
 377      00
 378 04de C6050000 		movb	$0, carLocked(%rip)
 378      000000
 379 04e5 8B050000 		movl	unlockCount(%rip), %eax
 379      0000
 380 04eb 83C001   		addl	$1, %eax
 381 04ee 89050000 		movl	%eax, unlockCount(%rip)
 381      0000
 382 04f4 BF020000 		movl	$2, %edi
 382      00
 383 04f9 E8000000 		call	setLED@PLT
 383      00
 384 04fe E8000000 		call	sendAckSuccess
 384      00
 385 0503 660FEFC0 		pxor	%xmm0, %xmm0
 386 0507 0F298520 		movaps	%xmm0, -224(%rbp)
 386      FFFFFF
 387 050e 0F298530 		movaps	%xmm0, -208(%rbp)
 387      FFFFFF
 388 0515 C68540FF 		movb	$0, -192(%rbp)
 388      FFFF00
 389 051c 488D8520 		leaq	-224(%rbp), %rax
 389      FFFFFF
 390 0523 4883C002 		addq	$2, %rax
 391 0527 48898518 		movq	%rax, -232(%rbp)
 391      FFFFFF
 392 052e 488D8510 		leaq	-240(%rbp), %rax
 392      FFFFFF
 393 0535 BE570000 		movl	$87, %esi
 393      00
 394 053a 4889C7   		movq	%rax, %rdi
 395 053d E8000000 		call	receive_board_message_by_type@PLT
 395      00
 396 0542 0FB68510 		movzbl	-240(%rbp), %eax
 396      FFFFFF
 397 0549 888520FF 		movb	%al, -224(%rbp)
 397      FFFF
 398 054f 0FB68511 		movzbl	-239(%rbp), %eax
 398      FFFFFF
 399 0556 888521FF 		movb	%al, -223(%rbp)
 399      FFFF
 400 055c 488D8520 		leaq	-224(%rbp), %rax
 400      FFFFFF
 401 0563 4883C002 		addq	$2, %rax
 402 0567 48898508 		movq	%rax, -248(%rbp)
 402      FFFFFF
 403 056e 488B8508 		movq	-248(%rbp), %rax
 403      FFFFFF
 404 0575 488D1500 		leaq	car_id(%rip), %rdx
 404      000000
 405 057c 4889C6   		movq	%rax, %rsi
 406 057f 4889D7   		movq	%rdx, %rdi
 407 0582 E8000000 		call	strcmp@PLT
 407      00
 408 0587 85C0     		testl	%eax, %eax
 409 0589 0F850A01 		jne	.L27
 409      0000
 410 058f 488D9560 		leaq	-160(%rbp), %rdx
 410      FFFFFF
 411 0596 488D8520 		leaq	-224(%rbp), %rax
 411      FFFFFF
 412 059d 488D3D00 		leaq	start_cmac_ctx(%rip), %rdi
 412      000000
 413 05a4 4889D1   		movq	%rdx, %rcx
 414 05a7 BA110000 		movl	$17, %edx
 414      00
 415 05ac 4889C6   		movq	%rax, %rsi
 416 05af E8000000 		call	AES_CMAC_digest@PLT
 416      00
 417 05b4 488D8520 		leaq	-224(%rbp), %rax
 417      FFFFFF
 418 05bb 488D4811 		leaq	17(%rax), %rcx
 419 05bf 488D8560 		leaq	-160(%rbp), %rax
 419      FFFFFF
 420 05c6 BA080000 		movl	$8, %edx
 420      00
 421 05cb 4889CE   		movq	%rcx, %rsi
 422 05ce 4889C7   		movq	%rax, %rdi
 423 05d1 E8000000 		call	memcmp_ct@PLT
 423      00
 424 05d6 85C0     		testl	%eax, %eax
 425 05d8 0F94C0   		sete	%al
 426 05db 8885FAFE 		movb	%al, -262(%rbp)
 426      FFFF
 427 05e1 0FB685FA 		movzbl	-262(%rbp), %eax
 427      FEFFFF
 428 05e8 83F001   		xorl	$1, %eax
 429 05eb 84C0     		testb	%al, %al
 430 05ed 0F85A900 		jne	.L28
 430      0000
 431 05f3 C785FCFE 		movl	$0, -260(%rbp)
 431      FFFF0000 
 431      0000
 432 05fd EB7E     		jmp	.L22
 433              	.L24:
 434 05ff 488B9508 		movq	-248(%rbp), %rdx
 434      FFFFFF
 435 0606 8B85FCFE 		movl	-260(%rbp), %eax
 435      FFFF
 436 060c 4898     		cltq
 437 060e 0FB64402 		movzbl	12(%rdx,%rax), %eax
 437      0C
 438 0613 8885FBFE 		movb	%al, -261(%rbp)
 438      FFFF
 439 0619 80BDFBFE 		cmpb	$0, -261(%rbp)
 439      FFFF00
 440 0620 7454     		je	.L23
 441 0622 80BDFBFE 		cmpb	$3, -261(%rbp)
 441      FFFF03
 442 0629 774B     		ja	.L23
 443 062b 0FB685FB 		movzbl	-261(%rbp), %eax
 443      FEFFFF
 444 0632 BA030000 		movl	$3, %edx
 444      00
 445 0637 29C2     		subl	%eax, %edx
 446 0639 488D45B0 		leaq	-80(%rbp), %rax
 447 063d 89D6     		movl	%edx, %esi
 448 063f 4889C7   		movq	%rax, %rdi
 449 0642 E8000000 		call	loadFlag@PLT
 449      00
 450 0647 488D45B0 		leaq	-80(%rbp), %rax
 451 064b BA400000 		movl	$64, %edx
 451      00
 452 0650 4889C6   		movq	%rax, %rsi
 453 0653 BF000000 		movl	$0, %edi
 453      00
 454 0658 E8000000 		call	uart_write@PLT
 454      00
 455 065d 488B8500 		movq	-256(%rbp), %rax
 455      FFFFFF
 456 0664 BA020000 		movl	$2, %edx
 456      00
 457 0669 4889C6   		movq	%rax, %rsi
 458 066c BF000000 		movl	$0, %edi
 458      00
 459 0671 E8000000 		call	uart_write@PLT
 459      00
 460              	.L23:
 461 0676 8385FCFE 		addl	$1, -260(%rbp)
 461      FFFF01
 462              	.L22:
 463 067d 488B8508 		movq	-248(%rbp), %rax
 463      FFFFFF
 464 0684 0FB6400B 		movzbl	11(%rax), %eax
 465 0688 0FB6C0   		movzbl	%al, %eax
 466 068b 3985FCFE 		cmpl	%eax, -260(%rbp)
 466      FFFF
 467 0691 0F8C68FF 		jl	.L24
 467      FFFF
 468 0697 EB04     		jmp	.L15
 469              	.L27:
 470 0699 90       		nop
 471 069a EB01     		jmp	.L15
 472              	.L28:
 473 069c 90       		nop
 474              	.L15:
 475 069d 488B45F8 		movq	-8(%rbp), %rax
 476 06a1 64482B04 		subq	%fs:40, %rax
 476      25280000 
 476      00
 477 06aa 7405     		je	.L26
 478 06ac E8000000 		call	__stack_chk_fail@PLT
 478      00
 479              	.L26:
 480 06b1 C9       		leave
 481 00cd 0316040C 		.cfi_def_cfa 7, 8
 481      0708
 482 06b2 C3       		ret
 483 00d3 00       		.cfi_endproc
 484              	.LFE11:
 486              		.globl	sendAckSuccess
 488              	sendAckSuccess:
 489              	.LFB12:
 490 00d4 1C000000 		.cfi_startproc
 490      D8000000 
 490      00000000 
 490      52000000 
 490      00
 491 06b3 F30F1EFA 		endbr64
 492 06b7 55       		pushq	%rbp
 493 00e5 450E10   		.cfi_def_cfa_offset 16
 494 00e8 8602     		.cfi_offset 6, -16
 495 06b8 4889E5   		movq	%rsp, %rbp
 496 00ea 430D06   		.cfi_def_cfa_register 6
 497 06bb 4883EC20 		subq	$32, %rsp
 498 06bf 64488B04 		movq	%fs:40, %rax
 498      25280000 
 498      00
 499 06c8 488945F8 		movq	%rax, -8(%rbp)
 500 06cc 31C0     		xorl	%eax, %eax
 501 06ce 488D45F7 		leaq	-9(%rbp), %rax
 502 06d2 488945E8 		movq	%rax, -24(%rbp)
 503 06d6 C645E054 		movb	$84, -32(%rbp)
 504 06da C645F701 		movb	$1, -9(%rbp)
 505 06de C645E101 		movb	$1, -31(%rbp)
 506 06e2 488D45E0 		leaq	-32(%rbp), %rax
 507 06e6 4889C7   		movq	%rax, %rdi
 508 06e9 E8000000 		call	send_board_message@PLT
 508      00
 509 06ee 90       		nop
 510 06ef 488B45F8 		movq	-8(%rbp), %rax
 511 06f3 64482B04 		subq	%fs:40, %rax
 511      25280000 
 511      00
 512 06fc 7405     		je	.L30
 513 06fe E8000000 		call	__stack_chk_fail@PLT
 513      00
 514              	.L30:
 515 0703 C9       		leave
 516 00ed 02490C07 		.cfi_def_cfa 7, 8
 516      08
 517 0704 C3       		ret
 518 00f2 0000     		.cfi_endproc
 519              	.LFE12:
 521              		.globl	sendAckFailure
 523              	sendAckFailure:
 524              	.LFB13:
 525 00f4 20000000 		.cfi_startproc
 525      F8000000 
 525      00000000 
 525      52000000 
 525      00
 526 0705 F30F1EFA 		endbr64
 527 0709 55       		pushq	%rbp
 528 0105 450E10   		.cfi_def_cfa_offset 16
 529 0108 8602     		.cfi_offset 6, -16
 530 070a 4889E5   		movq	%rsp, %rbp
 531 010a 430D06   		.cfi_def_cfa_register 6
 532 070d 4883EC20 		subq	$32, %rsp
 533 0711 64488B04 		movq	%fs:40, %rax
 533      25280000 
 533      00
 534 071a 488945F8 		movq	%rax, -8(%rbp)
 535 071e 31C0     		xorl	%eax, %eax
 536 0720 488D45F7 		leaq	-9(%rbp), %rax
 537 0724 488945E8 		movq	%rax, -24(%rbp)
 538 0728 C645E054 		movb	$84, -32(%rbp)
 539 072c C645F700 		movb	$0, -9(%rbp)
 540 0730 C645E101 		movb	$1, -31(%rbp)
 541 0734 488D45E0 		leaq	-32(%rbp), %rax
 542 0738 4889C7   		movq	%rax, %rdi
 543 073b E8000000 		call	send_board_message@PLT
 543      00
 544 0740 90       		nop
 545 0741 488B45F8 		movq	-8(%rbp), %rax
 546 0745 64482B04 		subq	%fs:40, %rax
 546      25280000 
 546      00
 547 074e 7405     		je	.L32
 548 0750 E8000000 		call	__stack_chk_fail@PLT
 548      00
 549              	.L32:
 550 0755 C9       		leave
 551 010d 02490C07 		.cfi_def_cfa 7, 8
 551      08
 552 0756 C3       		ret
 553 0112 00000000 		.cfi_endproc
 553      0000
 554              	.LFE13:
 556              		.ident	"GCC: (Ubuntu 15.2.0-16ubuntu1) 15.2.0"
 557              		.section	.note.GNU-stack,"",@progbits
 558              		.section	.note.gnu.property,"a"
 559              		.align 8
 560 0000 04000000 		.long	1f - 0f
 561 0004 10000000 		.long	4f - 1f
 562 0008 05000000 		.long	5
 563              	0:
 564 000c 474E5500 		.string	"GNU"
 565              	1:
 566              		.align 8
 567 0010 020000C0 		.long	0xc0000002
 568 0014 04000000 		.long	3f - 2f
 569              	2:
 570 0018 03000000 		.long	0x3
 571              	3:
 572 001c 00000000 		.align 8
 573              	4:
DEFINED SYMBOLS
                            *ABS*:0000000000000000 car.c
     /tmp/ccEAMZhZ.s:4      .bss:0000000000000000 unlock_aes_ctx
     /tmp/ccEAMZhZ.s:6      .bss:00000000000000c0 start_aes_ctx
     /tmp/ccEAMZhZ.s:8      .bss:0000000000000180 unlock_cmac_ctx
     /tmp/ccEAMZhZ.s:10     .bss:0000000000000188 start_cmac_ctx
     /tmp/ccEAMZhZ.s:12     .bss:00000000000001a0 prng_ctx
     /tmp/ccEAMZhZ.s:14     .text:0000000000000000 aes_unlock_cmac
     /tmp/ccEAMZhZ.s:38     .text:0000000000000029 aes_start_cmac
     /tmp/ccEAMZhZ.s:66     .rodata:0000000000000000 unlock_key
     /tmp/ccEAMZhZ.s:72     .rodata:0000000000000010 start_key
     /tmp/ccEAMZhZ.s:78     .rodata:0000000000000020 car_id
     /tmp/ccEAMZhZ.s:84     .data:0000000000000000 carLocked
     /tmp/ccEAMZhZ.s:87     .bss:00000000000001c4 unlockCount
     /tmp/ccEAMZhZ.s:90     .text:0000000000000052 initCar
     /tmp/ccEAMZhZ.s:135    .text:00000000000000d7 main
     /tmp/ccEAMZhZ.s:242    .text:0000000000000272 processHostCommand
     /tmp/ccEAMZhZ.s:269    .text:0000000000000294 unlockCar
     /tmp/ccEAMZhZ.s:523    .text:0000000000000705 sendAckFailure
     /tmp/ccEAMZhZ.s:488    .text:00000000000006b3 sendAckSuccess

UNDEFINED SYMBOLS
AES_ECB_encrypt
getPrngSeed
ctr_drbg_init
__stack_chk_fail
initHardware_car
AES_init_ctx
AES_CMAC_init_ctx
uart_write
uart_avail
uart_readb
__ctype_b_loc
sendError
receive_board_message_by_type
ctr_drbg_reseed
ctr_drbg_generate
send_board_message
AES_CMAC_digest
memcmp
loadFlag
setLED
strcmp
memcmp_ct
